Відправляємо 10 повідомлень через facade-service...
Відправляємо: msg1
Відправляємо: msg2
Відправляємо: msg3
Відправляємо: msg4
Відправляємо: msg5
Відправляємо: msg6
Відправляємо: msg7
Відправляємо: msg8
Відправляємо: msg9
Відправляємо: msg10

Повідомлення відправлені.

Декілька разів отримуємо об'єднані повідомлення з facade-service...
Запит GET /get, спроба 1:
{"response":"{\"messages\":[\"msg1\",\"msg5\",\"msg9\",\"msg4\",\"msg2\",\"msg6\",\"msg3\",\"msg7\",\"msg8\",\"msg10\"]}\n---\n{\"messages\":[\"msg2\",\"msg4\",\"msg6\",\"msg8\",\"msg10\"]}"}
---

Запит GET /get, спроба 2:
{"response":"{\"messages\":[\"msg1\",\"msg5\",\"msg9\",\"msg4\",\"msg2\",\"msg6\",\"msg3\",\"msg7\",\"msg8\",\"msg10\"]}\n---\n{\"messages\":[\"msg2\",\"msg4\",\"msg6\",\"msg8\",\"msg10\"]}"}
---

Запит GET /get, спроба 3:
{"response":"{\"messages\":[\"msg1\",\"msg5\",\"msg9\",\"msg4\",\"msg2\",\"msg6\",\"msg3\",\"msg7\",\"msg8\",\"msg10\"]}\n---\n{\"messages\":[\"msg1\",\"msg3\",\"msg5\",\"msg7\",\"msg9\"]}"}
---

Перевірте логи logging-service та messages-service для отриманих повідомлень.
У логах мають бути виведені всі повідомлення msg1...msg10 для кожного екземпляра.
