==> Starting Consul agent...
               Version: '1.18.1'
            Build Date: '2024-03-26 21:59:08 +0000 UTC'
               Node ID: '6baf2ba9-f019-de73-93dd-b212ba926ef7'
             Node name: 'fedora'
            Datacenter: 'dc1' (Segment: '<all>')
                Server: true (Bootstrap: false)
           Client Addr: [0.0.0.0] (HTTP: 8500, HTTPS: -1, gRPC: 8502, gRPC-TLS: 8503, DNS: 8600)
          Cluster Addr: 127.0.0.1 (LAN: 8301, WAN: 8302)
     Gossip Encryption: false
      Auto-Encrypt-TLS: false
           ACL Enabled: false
     Reporting Enabled: false
    ACL Default Policy: allow
             HTTPS TLS: Verify Incoming: false, Verify Outgoing: false, Min Version: TLSv1_2
              gRPC TLS: Verify Incoming: false, Min Version: TLSv1_2
      Internal RPC TLS: Verify Incoming: false, Verify Outgoing: false (Verify Hostname: false), Min Version: TLSv1_2

==> Log data will now stream in as it occurs:

2025-06-16T00:38:53.355+0300 [DEBUG] agent.hcp: initialized HCP metrics sink
2025-06-16T00:38:53.356+0300 [DEBUG] agent.grpc.balancer: switching server: target=consul://dc1.6baf2ba9-f019-de73-93dd-b212ba926ef7/server.dc1 from=<none> to=<none>
2025-06-16T00:38:53.369+0300 [INFO]  agent.server: shutting down server
2025-06-16T00:38:53.369+0300 [ERROR] agent: Error starting agent: error="Failed to start Consul server: Failed to start RPC layer: listen tcp 127.0.0.1:8300: bind: address already in use"
2025-06-16T00:38:53.369+0300 [INFO]  agent: Exit code: code=1
