/home/romko/Documents/UNI/APZ/micro_basics/logging-service/main.py:32: DeprecationWarning: 
        on_event is deprecated, use lifespan event handlers instead.

        Read more about it in the
        [FastAPI docs for Lifespan Events](https://fastapi.tiangolo.com/advanced/events/).
        
  @app.on_event("startup")
/home/romko/Documents/UNI/APZ/micro_basics/logging-service/main.py:45: DeprecationWarning: 
        on_event is deprecated, use lifespan event handlers instead.

        Read more about it in the
        [FastAPI docs for Lifespan Events](https://fastapi.tiangolo.com/advanced/events/).
        
  @app.on_event("shutdown")
INFO:     Started server process [295514]
INFO:     Waiting for application startup.
INFO:hazelcast.lifecycle:HazelcastClient 5.5.0 is STARTING
INFO:hazelcast.lifecycle:HazelcastClient 5.5.0 is STARTED
INFO:hazelcast.connection:Trying to connect to Address(host=127.0.0.1, port=5701)
INFO:hazelcast.lifecycle:HazelcastClient 5.5.0 is CONNECTED
INFO:hazelcast.connection:Authenticated with server Address(host=192.168.0.194, port=5701):19f1d136-c63a-4c99-b616-e0fa5847d361, server version: 5.5.0, local address: Address(host=127.0.0.1, port=56760)
INFO:hazelcast.cluster:

Members [1] {
	Member [192.168.0.194]:5701 - 19f1d136-c63a-4c99-b616-e0fa5847d361
}

INFO:hazelcast.client:Client started
INFO:hazelcast_config:Hazelcast client connected: logging-service-8081
INFO:__main__:Logging Service started on port 8081
INFO:     Application startup complete.
INFO:     Uvicorn running on http://0.0.0.0:8071 (Press CTRL+C to quit)
INFO:hazelcast_config:Stored message: 89023edb-0545-4314-b6cd-247474f71d56 = msg1
INFO:__main__:Service 8071 - Stored: 89023edb-0545-4314-b6cd-247474f71d56 -> msg1
INFO:__main__:Service 8071 - Total messages in map: 1
Service 8071 - Received message: 89023edb-0545-4314-b6cd-247474f71d56 -> msg1
INFO:     127.0.0.1:49318 - "POST /log HTTP/1.1" 200 OK
INFO:hazelcast_config:Stored message: d1b7e813-d53c-4823-b387-665836d0f302 = msg3
INFO:__main__:Service 8071 - Stored: d1b7e813-d53c-4823-b387-665836d0f302 -> msg3
INFO:__main__:Service 8071 - Total messages in map: 3
Service 8071 - Received message: d1b7e813-d53c-4823-b387-665836d0f302 -> msg3
INFO:     127.0.0.1:49326 - "POST /log HTTP/1.1" 200 OK
INFO:hazelcast_config:Stored message: d418328a-4314-4348-a92d-84d7311f4e70 = msg6
INFO:__main__:Service 8071 - Stored: d418328a-4314-4348-a92d-84d7311f4e70 -> msg6
INFO:__main__:Service 8071 - Total messages in map: 6
Service 8071 - Received message: d418328a-4314-4348-a92d-84d7311f4e70 -> msg6
INFO:     127.0.0.1:49334 - "POST /log HTTP/1.1" 200 OK
INFO:hazelcast_config:Stored message: 2c72f668-27a8-4ba0-8def-51e4d4e21d70 = msg8
INFO:__main__:Service 8071 - Stored: 2c72f668-27a8-4ba0-8def-51e4d4e21d70 -> msg8
INFO:__main__:Service 8071 - Total messages in map: 8
Service 8071 - Received message: 2c72f668-27a8-4ba0-8def-51e4d4e21d70 -> msg8
INFO:     127.0.0.1:49342 - "POST /log HTTP/1.1" 200 OK
INFO:__main__:Service 8081 - Retrieved all messages: 10 items
INFO:     127.0.0.1:49354 - "GET /all HTTP/1.1" 200 OK
INFO:__main__:Service 8081 - Retrieved all messages: 10 items
INFO:     127.0.0.1:49356 - "GET /all HTTP/1.1" 200 OK
